
R version 4.1.0 (2021-05-18) -- "Camp Pontanezen"
Copyright (C) 2021 The R Foundation for Statistical Computing
Platform: x86_64-w64-mingw32/x64 (64-bit)

R is free software and comes with ABSOLUTELY NO WARRANTY.
You are welcome to redistribute it under certain conditions.
Type 'license()' or 'licence()' for distribution details.

  Natural language support but running in an English locale

R is a collaborative project with many contributors.
Type 'contributors()' for more information and
'citation()' on how to cite R or R packages in publications.

Type 'demo()' for some demos, 'help()' for on-line help, or
'help.start()' for an HTML browser interface to help.
Type 'q()' to quit R.

> setwd("PoissonMultinomial")
> library("devtools")
Loading required package: usethis
> check(manual=T)
i Updating PoissonMultinomial documentation
i Loading PoissonMultinomial
Warning: The existing 'NAMESPACE' file was not generated by roxygen2, and will not be overwritten.
Writing dpmd.Rd
-- Building ---------------------------------------------- PoissonMultinomial --
Setting env vars:
* CFLAGS    : -Wall -pedantic
* CXXFLAGS  : -Wall -pedantic
* CXX11FLAGS: -Wall -pedantic
--------------------------------------------------------------------------------
         checking for file 'C:\Users\yilih\Documents\GitHub\Git-Poisson-Multinomial\R-pack-dev\PoissonMultinomial/DESCRIPTION' ...  v  checking for file 'C:\Users\yilih\Documents\GitHub\Git-Poisson-Multinomial\R-pack-dev\PoissonMultinomial/DESCRIPTION'
      -  preparing 'PoissonMultinomial':
   checking DESCRIPTION meta-information ...     checking DESCRIPTION meta-information ...   v  checking DESCRIPTION meta-information
-  cleaning src
      -  checking for LF line-endings in source and make files and shell scripts
           -  checking for empty or unneeded directories
      -  building 'PoissonMultinomial_1.0.tar.gz'
     
-- Checking ---------------------------------------------- PoissonMultinomial --
Setting env vars:
* _R_CHECK_CRAN_INCOMING_USE_ASPELL_: TRUE
* _R_CHECK_CRAN_INCOMING_REMOTE_    : FALSE
* _R_CHECK_CRAN_INCOMING_           : FALSE
* _R_CHECK_FORCE_SUGGESTS_          : FALSE
* NOT_CRAN                          : true
-- R CMD check -----------------------------------------------------------------
* using log directory 'C:/Users/yilih/AppData/Local/Temp/RtmpqQfKIa/PoissonMultinomial.Rcheck'
* using R version 4.1.0 (2021-05-18)
* using platform: x86_64-w64-mingw32 (64-bit)
* using session charset: ISO8859-1
* using option '--as-cran'
* checking for file 'PoissonMultinomial/DESCRIPTION' ... OK
* checking extension type ... Package
* this is package 'PoissonMultinomial' version '1.0'
* package encoding: UTF-8
* checking package namespace information ... OK
* checking package dependencies ... OK
* checking if this is a source package ... OK
* checking if there is a namespace ... OK
* checking for executable files ... OK
* checking for hidden files and directories ... OK
* checking for portable file names ... OK
* checking serialization versions ... OK
* checking whether package 'PoissonMultinomial' can be installed ... OK
* checking installed package size ... NOTE
  installed size is  6.1Mb
  sub-directories of 1Mb or more:
    libs   6.0Mb
* checking package directory ... OK
* checking for future file timestamps ... OK
* checking DESCRIPTION meta-information ... OK
* checking top-level files ... OK
* checking for left-over files ... OK
* checking index information ... OK
* checking package subdirectories ... OK
* checking R files for non-ASCII characters ... OK
* checking R files for syntax errors ... OK
* loading checks for arch 'i386'
** checking whether the package can be loaded ... OK
** checking whether the package can be loaded with stated dependencies ... OK
** checking whether the package can be unloaded cleanly ... OK
** checking whether the namespace can be loaded with stated dependencies ... OK
** checking whether the namespace can be unloaded cleanly ... OK
** checking loading without being on the library search path ... OK
* loading checks for arch 'x64'
** checking whether the package can be loaded ... OK
** checking whether the package can be loaded with stated dependencies ... OK
** checking whether the package can be unloaded cleanly ... OK
** checking whether the namespace can be loaded with stated dependencies ... OK
** checking whether the namespace can be unloaded cleanly ... OK
** checking loading without being on the library search path ... OK
* checking dependencies in R code ... OK
* checking S3 generic/method consistency ... OK
* checking replacement functions ... OK
* checking foreign function calls ... OK
* checking R code for possible problems ... OK
* checking Rd files ... OK
* checking Rd metadata ... OK
* checking Rd line widths ... OK
* checking Rd cross-references ... OK
* checking for missing documentation entries ... OK
* checking for code/documentation mismatches ... OK
* checking Rd \usage sections ... OK
* checking Rd contents ... OK
* checking for unstated dependencies in examples ... OK
* checking line endings in C/C++/Fortran sources/headers ... OK
* checking line endings in Makefiles ... OK
* checking compilation flags in Makevars ... OK
* checking for GNU extensions in Makefiles ... OK
* checking for portable use of $(BLAS_LIBS) and $(LAPACK_LIBS) ... OK
* checking use of PKG_*FLAGS in Makefiles ... OK
* checking use of SHLIB_OPENMP_*FLAGS in Makefiles ... OK
* checking pragmas in C/C++ headers and code ... OK
* checking compilation flags used ... OK
* checking compiled code ... OK
* checking examples ...
** running examples for arch 'i386' ... OK
** running examples for arch 'x64' ... OK
* checking PDF version of manual ... OK
* checking for non-standard things in the check directory ... OK
* checking for detritus in the temp directory ... OK
* DONE

Status: 1 NOTE
See
  'C:/Users/yilih/AppData/Local/Temp/RtmpqQfKIa/PoissonMultinomial.Rcheck/00check.log'
for details.


-- R CMD check results ----------------------------- PoissonMultinomial 1.0 ----
Duration: 2m 36.4s

> checking installed package size ... NOTE
    installed size is  6.1Mb
    sub-directories of 1Mb or more:
      libs   6.0Mb

0 errors v | 0 warnings v | 1 note x
> q("no")
> proc.time()
   user  system elapsed 
   1.71    0.51  161.32 
